// Jest Snapshot v1, https://goo.gl/fbAQLP

exports[`conditionally render components by value of passed prop should render empty card placeholder 1`] = `
<div>
  <div
    class="ui container stackable grid sc-kDDrLX dZdSWl"
  >
    <div
      class="sc-jqUVSM bZUpzn"
    >
      <img
        class="ui image sc-papXJ jUyhQW"
        src="cart-img-placeholder.png"
      />
      <div
        class="ui header"
      >
        Your cart is empty
      </div>
      <a
        href="/shop"
      >
        Go shopping
      </a>
    </div>
  </div>
</div>
`;
